Username: "admin" Password: "admin12"
Username: "admin" Password: "admin123"
Username: "admin" Password: "admin123"
Username: "admin" Password: "admin123"
Username: "admin" Password: "admin123"
Username: "admin" Password: "admin123"
Username: "admin" Password: "admin123"
Username: "admin" Password: "admin123"
Username: "admin" Password: "admin123"
Username: "admin" Password: "admin123"
Username: "admin" Password: "admin123"
Username: "BEL-0001" Password: "ABRAHAM2004"
Username: "admin" Password: "admin123"
Username: "BEL-0001" Password: "ABRAHAM004"
Username: "BEL-0001" Password: "ABRAHAM2004"
Username: "admin" Password: "admin123"
Username: "admin" Password: "admin123"
Username: "admin" Password: "admin123"
Username: "admin " Password: "admin123"
Username: "BEL-0001" Password: "ABRAHAM2004"
Username: "admin" Password: "admin123"
Username: "admin" Password: "admin123"
Username: "admin" Password: "admin123"
Username: "admin" Password: "admin123"
Username: "admin" Password: "admin123"
Username: "admin" Password: "admin123"
Username: "admin" Password: "admin123"
Username: "admin" Password: "admin123"
Username: "admin" Password: "admin123"
Username: "admin" Password: "admin123"
Username: "admin" Password: "admin123"
Username: "undefined" Password: "password123"
Username: "admin" Password: "admin123"
Username: "admin" Password: "admin123"
Username: "admin" Password: "admin123"
Username: "admin" Password: "admin123"
Username: "admin" Password: "admin123"
Username: "admin" Password: "admin123"
Username: "admin" Password: "admin123"
Username: "admin" Password: "admin123"
Username: "admin" Password: "admin123"
Username: "nonexistentuser" Password: "password"
Username: "admin" Password: "admin123"
Username: "admin" Password: "admin"
Username: "admin" Password: "admin123"
Username: "admin" Password: "admin"
Username: "admin" Password: "admin123"
Username: "admin" Password: "admin123"
Username: "BEL-0005" Password: "VIMAL2007"
Username: "BEL-005" Password: "VIMAL2007"
Username: "BEL-005" Password: "VIMAL2007"
Username: "admin" Password: "admin123"
Username: "BEL-0004" Password: "VIMAL2007"
Username: "admin" Password: "admin123"
Username: "admin" Password: "admin123"
Username: "BEL-0004" Password: "VIMAL2007"
Username: "admin" Password: "admin123"
Username: "admin" Password: "admin123"
Username: "admin" Password: "admin123"
Username: "admin" Password: "admin123"
Username: "admin" Password: "admin123"
Username: "admin" Password: "admin123"
Username: "admin" Password: "admin123"
Username: "BEL-0004" Password: "VIMAL2007"
Username: "admin" Password: "admin123"
Username: "admin" Password: "admin123"
Username: "admin" Password: "admin123"
Username: "admin" Password: "admin123"
Username: "admin" Password: "admin123"
Username: "admin" Password: "admin123"
Username: "admin" Password: "admin123"
Username: "admin" Password: "admin123"
Username: "admin" Password: "admin123"
Username: "admin" Password: "admin123"
